PS C:\Users\user\documents> mkdir git_challenge


    ディレクトリ: C:\Users\user\documents


Mode                 LastWriteTime         Length Name
----                 -------------         ------ ----
d-----        2025/09/07      9:57                git_challenge


PS C:\Users\user\documents> cd git_challenge
PS C:\Users\user\documents\git_challenge> git init
Initialized empty Git repository in C:/Users/user/Documents/git_challenge/.git/
PS C:\Users\user\documents\git_challenge> echo aaa >> hello_world.txt
PS C:\Users\user\documents\git_challenge> ls


    ディレクトリ: C:\Users\user\documents\git_challenge


Mode                 LastWriteTime         Length Name
----                 -------------         ------ ----
-a----        2025/09/07      9:58             12 hello_world.txt


PS C:\Users\user\documents\git_challenge> git add .
PS C:\Users\user\documents\git_challenge> git commit -m "hello_world.txtを追加"
[main (root-commit) 7cea872] hello_world.txtを追加
 1 file changed, 0 insertions(+), 0 deletions(-)
 create mode 100644 hello_world.txt
PS C:\Users\user\documents\git_challenge> cat hello_world.txt
Hello, world!
こんにちは、世界！
PS C:\Users\user\documents\git_challenge> git add .
PS C:\Users\user\documents\git_challenge> git commit -m "日本語訳を追記"
[main 07cc099] 日本語訳を追記
 1 file changed, 0 insertions(+), 0 deletions(-)
PS C:\Users\user\documents\git_challenge> git log --oneline
07cc099 (HEAD -> main) 日本語訳を追記
7cea872 hello_world.txtを追加
PS C:\Users\user\documents\git_challenge> 